Traceback (most recent call last):
  File "C:\Users\PC\AppData\Local\Programs\Python\Python39\lib\site-packages\jupyter_core\utils\__init__.py", line 154, in wrapped
    asyncio.get_running_loop()
RuntimeError: no running event loop

During handling of the above exception, another exception occurred:

Traceback (most recent call last):
  File "C:\Users\PC\AppData\Local\Programs\Python\Python39\lib\site-packages\jupyter_cache\executors\utils.py", line 58, in single_nb_execution
    executenb(
  File "C:\Users\PC\AppData\Local\Programs\Python\Python39\lib\site-packages\nbclient\client.py", line 1305, in execute
    return NotebookClient(nb=nb, resources=resources, km=km, **kwargs).execute()
  File "C:\Users\PC\AppData\Local\Programs\Python\Python39\lib\site-packages\jupyter_core\utils\__init__.py", line 158, in wrapped
    return loop.run_until_complete(inner)
  File "C:\Users\PC\AppData\Local\Programs\Python\Python39\lib\asyncio\base_events.py", line 642, in run_until_complete
    return future.result()
  File "C:\Users\PC\AppData\Local\Programs\Python\Python39\lib\site-packages\nbclient\client.py", line 705, in async_execute
    await self.async_execute_cell(
  File "C:\Users\PC\AppData\Local\Programs\Python\Python39\lib\site-packages\nbclient\client.py", line 1058, in async_execute_cell
    await self._check_raise_for_error(cell, cell_index, exec_reply)
  File "C:\Users\PC\AppData\Local\Programs\Python\Python39\lib\site-packages\nbclient\client.py", line 914, in _check_raise_for_error
    raise CellExecutionError.from_cell_and_msg(cell, exec_reply_content)
nbclient.exceptions.CellExecutionError: An error occurred while executing the following cell:
------------------
iris = load_iris()
data = pd.DataFrame(iris.data, columns=iris.feature_names)
data['species'] = iris.target

data.head()
------------------


[1;31m---------------------------------------------------------------------------[0m
[1;31mNameError[0m                                 Traceback (most recent call last)
Cell [1;32mIn[1], line 1[0m
[1;32m----> 1[0m iris [38;5;241m=[39m [43mload_iris[49m()
[0;32m      2[0m data [38;5;241m=[39m pd[38;5;241m.[39mDataFrame(iris[38;5;241m.[39mdata, columns[38;5;241m=[39miris[38;5;241m.[39mfeature_names)
[0;32m      3[0m data[[38;5;124m'[39m[38;5;124mspecies[39m[38;5;124m'[39m] [38;5;241m=[39m iris[38;5;241m.[39mtarget

[1;31mNameError[0m: name 'load_iris' is not defined

